Introduce la capacidad de la tabla: Numero de telefono del contacto: Nombre del contacto: Posicion 0 | Ocupada: 1 | Telefono: 600000000 | Nombre: Jose
Posicion 1 | Ocupada: 0 | Telefono: 0 | Nombre: 
Posicion 2 | Ocupada: 0 | Telefono: 0 | Nombre: 
Posicion 3 | Ocupada: 0 | Telefono: 0 | Nombre: 
Posicion 4 | Ocupada: 0 | Telefono: 0 | Nombre: 
Posicion 5 | Ocupada: 0 | Telefono: 0 | Nombre: 
Posicion 6 | Ocupada: 0 | Telefono: 0 | Nombre: 
Posicion 7 | Ocupada: 0 | Telefono: 0 | Nombre: 
Posicion 8 | Ocupada: 0 | Telefono: 0 | Nombre: 
Posicion 9 | Ocupada: 0 | Telefono: 0 | Nombre: 
Numero de telefono del contacto: Nombre del contacto: ERROR
