Elige operacion:
Creando nueva matriz
Introduzca numero filas y columnas Fila 0
Elemento 0
Elemento 1
Elemento 2

Fila 1
Elemento 0
Elemento 1
Elemento 2

Fila 2
Elemento 0
Elemento 1
Elemento 2

Elige operacion:
Asignando A
Elige operacion:
Maximo de A: 38
Elige operacion:
Minimo de A: 2
Elige operacion:
FIN
