Apilando disco 2 en poste A
Apilando disco 1 en poste A
Desapilando disco 1 del poste A
Apilando disco 1 en poste B
Desapilando disco 2 del poste A
Apilando disco 2 en poste C
Desapilando disco 1 del poste B
Apilando disco 1 en poste C
Desapilando disco 1 del poste C
Desapilando disco 2 del poste C
