Creando nuevo ABB
VACIO

Anadir numero

1

Anadir numero

1
D2


Anadir numero

1
D2
D3



Anadir numero

1
D2
D3
D4




Anadir numero

1
D2
D3
D4
D5





Numero a eliminar: 
2
D3
D4
D5




Numero a eliminar: 
3
D4
D5



Numero a eliminar: 
4
D5


Numero a eliminar: 
5

Numero a eliminar: 
VACIO

Liberando memoria del arbol
