Creando nuevo ABB
VACIO

Anadir numero

5

Anadir numero

5
I4


Anadir numero

5
I4
I3



Anadir numero

5
I4
I3
I2




Anadir numero

5
I4
I3
I2
I1





Numero a eliminar: 
5
I4
I3
I2




Numero a eliminar: 
5
I4
I3



Numero a eliminar: 
5
I4


Numero a eliminar: 
5

Numero a eliminar: 
VACIO

Liberando memoria del arbol
